// Jest Snapshot v1, https://goo.gl/fbAQLP

exports[`Pruebas en componente AppRuter Debe de mostrar el login si no estoy authentincado 1`] = `
<div>
  <div
    className="container mt-5"
  >
    <h1>
      Welcome to HeroApp
    </h1>
    <hr />
    <button
      className="btn btn-primary"
      onClick={[Function]}
    >
      Login
    </button>
  </div>
</div>
`;
